> stw_check(meta_good, verbosity = "all")
Message: [32mv[39m Dictionary names are unique.

Message: [32mv[39m Dictionary names are all non-trivial.

Message: [32mv[39m Dictionary descriptions are all non-trivial.

Message: [32mv[39m Dictionary types are all recognized.

Message: [32mv[39m Metadata has all required fields.

Message: [32mv[39m Metadata sources valid.

Message: [32mv[39m Metadata has all optional fields.

> stw_check(meta_good, verbosity = "info")
> stw_check(meta_good, verbosity = "error")
> stw_check(meta_good, verbosity = "none")
> stw_check(meta_missing_source, verbosity = "all")
Message: [32mv[39m Dictionary names are unique.

Message: [32mv[39m Dictionary names are all non-trivial.

Message: [32mv[39m Dictionary descriptions are all non-trivial.

Message: [32mv[39m Dictionary types are all recognized.

Message: [32mv[39m Metadata has all required fields.

Message: [33mi[39m Metadata missing optional fields: [34m'sources'[39m.

> stw_check(meta_missing_source, verbosity = "info")
Message: [33mi[39m Metadata missing optional fields: [34m'sources'[39m.

> stw_check(meta_missing_source, verbosity = "error")
> stw_check(meta_missing_source, verbosity = "none")
> stw_check(meta_missing_name, verbosity = "all")
Message: [32mv[39m Dictionary names are unique.

Message: [32mv[39m Dictionary names are all non-trivial.

Message: [32mv[39m Dictionary descriptions are all non-trivial.

Message: [32mv[39m Dictionary types are all recognized.

Message: [31mx[39m Metadata missing required fields: [34m'name'[39m.

Message: [32mv[39m Metadata sources valid.

Message: [32mv[39m Metadata has all optional fields.

> stw_check(meta_missing_name, verbosity = "info")
Message: [31mx[39m Metadata missing required fields: [34m'name'[39m.

> stw_check(meta_missing_name, verbosity = "error")
Message: [31mx[39m Metadata missing required fields: [34m'name'[39m.

> stw_check(meta_missing_name, verbosity = "none")
