> stw_check(dict_good, verbosity = "all")
Message: [32mv[39m Dictionary names are unique.

Message: [32mv[39m Dictionary names are all non-trivial.

Message: [32mv[39m Dictionary descriptions are all non-trivial.

Message: [32mv[39m Dictionary types are all recognized.

> stw_check(dict_good, verbosity = "info")
> stw_check(dict_good, verbosity = "error")
> stw_check(dict_good, verbosity = "none")
> stw_check(dict_type_not_recognized, verbosity = "all")
Message: [32mv[39m Dictionary names are unique.

Message: [32mv[39m Dictionary names are all non-trivial.

Message: [32mv[39m Dictionary descriptions are all non-trivial.

Message: [33mi[39m Dictionary types not recognized for names: [34m'z'[39m.

> stw_check(dict_type_not_recognized, verbosity = "info")
Message: [33mi[39m Dictionary types not recognized for names: [34m'z'[39m.

> stw_check(dict_type_not_recognized, verbosity = "error")
> stw_check(dict_type_not_recognized, verbosity = "none")
> stw_check(dict_names_repeated, verbosity = "all")
Message: [31mx[39m Dictionary names are repeated: [34m'x'[39m.

Message: [32mv[39m Dictionary names are all non-trivial.

Message: [32mv[39m Dictionary descriptions are all non-trivial.

Message: [32mv[39m Dictionary types are all recognized.

> stw_check(dict_names_repeated, verbosity = "info")
Message: [31mx[39m Dictionary names are repeated: [34m'x'[39m.

> stw_check(dict_names_repeated, verbosity = "error")
Message: [31mx[39m Dictionary names are repeated: [34m'x'[39m.

> stw_check(dict_names_repeated, verbosity = "none")
